
-------------- JSON input -----------------
{
  "Darts": {
    "n_darts": 1000,
    "random_seed": 0
  },
  "Integration": {
    "n_steps": 1000
  },
  "method": "darts",
  "title": "This program computes Pi"
}
-------------------------------------------

-------------- JSON output ----------------
{
  "method": "Throwing darts",
  "pi": 3.088,
  "title": "This program computes Pi"
}
-------------------------------------------

