
-------------- JSON input -----------------
{
  "Darts": {
    "n_darts": 1000,
    "random_seed": 0
  },
  "Integration": {
    "n_steps": 1000
  },
  "method": "integration",
  "title": "This program computes Pi"
}
-------------------------------------------

-------------- JSON output ----------------
{
  "method": "Numerical integration",
  "pi": 3.1415927369231307,
  "title": "This program computes Pi"
}
-------------------------------------------

